NOTE: SourceIndex.new(hash) is deprecated; From /home/f0y/workspace-ruby/redmine-1.3.0/config/../vendor/rails/railties/lib/rails/vendor_gem_source_index.rb:100:in `new'.
Please install RDoc 2.4.2+ to generate documentation.
(in /home/f0y/workspace-ruby/redmine-1.3.0)
